Model Technology ModelSim SE-64 vlog DEV-2023 5481605 Compiler 2023.01 Jan 10 2023
Start time: 01:06:15 on Aug 05,2024
vlog C:\Users\m3n7pd\Downloads\check.sv -l C:\Users\m3n7pd\Desktop\Personal\Masters\Research\Assertion Generation\Code Works\connect_to_drive\compile.log 
-- Compiling module test

Top level modules:
	test
End time: 01:06:15 on Aug 05,2024, Elapsed time: 0:00:00
Errors: 0, Warnings: 0
